# Rendered kind config for test-shared
kind: Cluster
apiVersion: kind.x-k8s.io/v1alpha4
name: test-shared
networking:
  disableDefaultCNI: true
  podSubnet: "10.244.0.0/16"
  serviceSubnet: "10.96.0.0/12"
nodes:
  - role: control-plane
    image: "kindest/node:v1.31.4"
    kubeadmConfigPatches:
      - |
        kind: InitConfiguration
        nodeRegistration:
          kubeletExtraArgs:
            node-labels: "ingress-ready=true"
    extraMounts:
      - hostPath: /var/run/docker.sock
        containerPath: /var/run/docker.sock
      - hostPath: /test/clusters/test.lok8s.dev/.containerd/certs.d
        containerPath: /etc/containerd/certs.d
        readOnly: true
      - hostPath: /src/app
        containerPath: /app
        readOnly: true
      - hostPath: /data
        containerPath: /data
containerdConfigPatches:
  - |-
    [plugins."io.containerd.grpc.v1.cri".registry]
      config_path = "/etc/containerd/certs.d"
    [plugins."io.containerd.grpc.v1.cri".containerd]
      max_concurrent_downloads = 3
